
======================================================
TIMESTAMP: 2026-09-16T20:15:34.414Z
TO: care@prishaivf.in
SUBJECT: New Appointment Request – Prisha IVF (PIVF-2026-1683)
------------------------------------------------------
A new appointment request has been submitted on prishaivf.in:
- Appointment ID: PIVF-2026-1683
- Patient Name: Devendra Patidar
- Mobile: 9876543210
- Email: dpatidar200214@gmail.com
- Preferred Date: 2026-09-20
- Preferred Time: 11:00 AM
- Doctor: Dr. Radhika Sharma
- Service: In Vitro Fertilization (IVF)
- City: Delhi NCR
- Message: Quick Consultation Request from Homepage
======================================================

======================================================
TIMESTAMP: 2026-09-16T20:15:34.414Z
TO: dpatidar200214@gmail.com
SUBJECT: Appointment Request Received – Prisha IVF (PIVF-2026-1683)
------------------------------------------------------
Dear Devendra Patidar,

Thank you for contacting Prisha IVF. Your appointment request has been received with ID: PIVF-2026-1683.
Our clinical coordination desk will contact you at 9876543210 to confirm your consulting slot.

Best regards,
Patient Care Team, Prisha IVF
prishaivf.in | +91 98982 26201
======================================================
